// Jest Snapshot v1, https://goo.gl/fbAQLP

exports[`Routes renders correctly 1`] = `
<Switch>
  <Route
    component={[Function]}
    exact={true}
    path="/"
  />
  <Route
    exact={true}
    path="/register"
    render={[Function]}
  />
  <Route
    exact={true}
    path="/sign_in"
    render={[Function]}
  />
  <Route
    exact={true}
    path="/sign_out"
    render={[Function]}
  />
  <Route
    exact={true}
    path="/profile"
    render={[Function]}
  />
  <Route
    component={[Function]}
    exact={true}
    path="/game"
  />
</Switch>
`;
