// Jest Snapshot v1, https://goo.gl/fbAQLP

exports[`Game renders correctly 1`] = `
<section
  className="main-content"
>
  DO YOU WANT TO PLAY A GAME_
</section>
`;
