// Jest Snapshot v1, https://goo.gl/fbAQLP

exports[`ErrorAlert renders correctly in loading state 1`] = `
<Alert
  closeAriaLabel="Close"
  color="danger"
  fade={true}
  isOpen={true}
  tag="div"
  transition={
    Object {
      "appear": true,
      "baseClass": "fade",
      "baseClassActive": "show",
      "enter": true,
      "exit": true,
      "in": true,
      "mountOnEnter": false,
      "onEnter": [Function],
      "onEntered": [Function],
      "onEntering": [Function],
      "onExit": [Function],
      "onExited": [Function],
      "onExiting": [Function],
      "tag": "div",
      "timeout": 150,
      "unmountOnExit": true,
    }
  }
>
  Something went wrong - 
  bad thing
</Alert>
`;
