// Jest Snapshot v1, https://goo.gl/fbAQLP

exports[`Profile renders correctly 1`] = `
<div
  data-test-id="profile"
>
  <h1>
    Profile
  </h1>
  <Spinner
    color="primary"
    data-test-id="loading-profile"
    tag="div"
    type="border"
  >
    Loading...
  </Spinner>
</div>
`;
